[0.052s] Invoking command in '/home/alejandro/cpr/colcon_ws/build/bluerov2_gz': CMAKE_PREFIX_PATH=/opt/ros/humble /usr/bin/cmake /home/alejandro/cpr/colcon_ws/src/bluerov2_gz -DCMAKE_INSTALL_PREFIX=/home/alejandro/cpr/colcon_ws/install/bluerov2_gz
[0.184s] -- The C compiler identification is GNU 11.4.0
[0.352s] -- The CXX compiler identification is GNU 11.4.0
[0.371s] -- Detecting C compiler ABI info
[0.551s] -- Detecting C compiler ABI info - done
[0.583s] -- Check for working C compiler: /usr/bin/cc - skipped
[0.584s] -- Detecting C compile features
[0.585s] -- Detecting C compile features - done
[0.595s] -- Detecting CXX compiler ABI info
[0.809s] -- Detecting CXX compiler ABI info - done
[0.841s] -- Check for working CXX compiler: /usr/bin/c++ - skipped
[0.842s] -- Detecting CXX compile features
[0.846s] -- Detecting CXX compile features - done
[0.850s] -- Found ament_cmake_auto: 1.3.12 (/opt/ros/humble/share/ament_cmake_auto/cmake)
[1.282s] -- Found Python3: /usr/bin/python3 (found version "3.10.12") found components: Interpreter 
[1.760s] -- Configuring done
[1.764s] -- Generating done
[1.768s] -- Build files have been written to: /home/alejandro/cpr/colcon_ws/build/bluerov2_gz
[1.787s] Invoked command in '/home/alejandro/cpr/colcon_ws/build/bluerov2_gz' returned '0': CMAKE_PREFIX_PATH=/opt/ros/humble /usr/bin/cmake /home/alejandro/cpr/colcon_ws/src/bluerov2_gz -DCMAKE_INSTALL_PREFIX=/home/alejandro/cpr/colcon_ws/install/bluerov2_gz
[1.789s] Invoking command in '/home/alejandro/cpr/colcon_ws/build/bluerov2_gz': CMAKE_PREFIX_PATH=/opt/ros/humble /usr/bin/cmake --build /home/alejandro/cpr/colcon_ws/build/bluerov2_gz -- -j8 -l8
[1.878s] Invoked command in '/home/alejandro/cpr/colcon_ws/build/bluerov2_gz' returned '0': CMAKE_PREFIX_PATH=/opt/ros/humble /usr/bin/cmake --build /home/alejandro/cpr/colcon_ws/build/bluerov2_gz -- -j8 -l8
[1.904s] Invoking command in '/home/alejandro/cpr/colcon_ws/build/bluerov2_gz': CMAKE_PREFIX_PATH=/opt/ros/humble /usr/bin/cmake --install /home/alejandro/cpr/colcon_ws/build/bluerov2_gz
[1.922s] -- Install configuration: ""
[1.923s] -- Installing: /home/alejandro/cpr/colcon_ws/install/bluerov2_gz/share/bluerov2_gz/environment/setup.dsv
[1.924s] -- Installing: /home/alejandro/cpr/colcon_ws/install/bluerov2_gz/share/bluerov2_gz/models
[1.925s] -- Installing: /home/alejandro/cpr/colcon_ws/install/bluerov2_gz/share/bluerov2_gz/models/bluerov2_heavy
[1.925s] -- Installing: /home/alejandro/cpr/colcon_ws/install/bluerov2_gz/share/bluerov2_gz/models/bluerov2_heavy/BlueROV2Heavy.md
[1.925s] -- Installing: /home/alejandro/cpr/colcon_ws/install/bluerov2_gz/share/bluerov2_gz/models/bluerov2_heavy/configs.yaml
[1.926s] -- Installing: /home/alejandro/cpr/colcon_ws/install/bluerov2_gz/share/bluerov2_gz/models/bluerov2_heavy/model.sdf
[1.926s] -- Installing: /home/alejandro/cpr/colcon_ws/install/bluerov2_gz/share/bluerov2_gz/models/bluerov2_heavy/model.config
[1.927s] -- Installing: /home/alejandro/cpr/colcon_ws/install/bluerov2_gz/share/bluerov2_gz/models/bluerov2_heavy/model.sdf.in
[1.927s] -- Installing: /home/alejandro/cpr/colcon_ws/install/bluerov2_gz/share/bluerov2_gz/models/bluerov2_heavy/meshes
[1.927s] -- Installing: /home/alejandro/cpr/colcon_ws/install/bluerov2_gz/share/bluerov2_gz/models/bluerov2_heavy/meshes/t200_cw_prop.dae
[1.927s] -- Installing: /home/alejandro/cpr/colcon_ws/install/bluerov2_gz/share/bluerov2_gz/models/bluerov2_heavy/meshes/bluerov2_heavy.dae
[1.975s] -- Installing: /home/alejandro/cpr/colcon_ws/install/bluerov2_gz/share/bluerov2_gz/models/bluerov2_heavy/meshes/t200_ccw_prop.dae
[1.977s] -- Installing: /home/alejandro/cpr/colcon_ws/install/bluerov2_gz/share/bluerov2_gz/models/sand_heightmap
[1.977s] -- Installing: /home/alejandro/cpr/colcon_ws/install/bluerov2_gz/share/bluerov2_gz/models/sand_heightmap/model.sdf
[1.977s] -- Installing: /home/alejandro/cpr/colcon_ws/install/bluerov2_gz/share/bluerov2_gz/models/sand_heightmap/materials
[1.977s] -- Installing: /home/alejandro/cpr/colcon_ws/install/bluerov2_gz/share/bluerov2_gz/models/sand_heightmap/materials/flat_normal.png
[1.978s] -- Installing: /home/alejandro/cpr/colcon_ws/install/bluerov2_gz/share/bluerov2_gz/models/sand_heightmap/materials/soil_sand_0045_01.jpg
[1.988s] -- Installing: /home/alejandro/cpr/colcon_ws/install/bluerov2_gz/share/bluerov2_gz/models/sand_heightmap/model.config
[1.989s] -- Installing: /home/alejandro/cpr/colcon_ws/install/bluerov2_gz/share/bluerov2_gz/models/sand_heightmap/meshes
[1.989s] -- Installing: /home/alejandro/cpr/colcon_ws/install/bluerov2_gz/share/bluerov2_gz/models/sand_heightmap/meshes/License and source for textures.txt
[1.989s] -- Installing: /home/alejandro/cpr/colcon_ws/install/bluerov2_gz/share/bluerov2_gz/models/sand_heightmap/meshes/sandseabed.dae
[1.993s] -- Installing: /home/alejandro/cpr/colcon_ws/install/bluerov2_gz/share/bluerov2_gz/models/sand_heightmap/meshes/heightmap.dae
[2.003s] -- Installing: /home/alejandro/cpr/colcon_ws/install/bluerov2_gz/share/bluerov2_gz/models/sand_heightmap/meshes/soil_sand_0045_01.jpg
[2.011s] -- Installing: /home/alejandro/cpr/colcon_ws/install/bluerov2_gz/share/bluerov2_gz/models/bluerov2
[2.011s] -- Installing: /home/alejandro/cpr/colcon_ws/install/bluerov2_gz/share/bluerov2_gz/models/bluerov2/configs.yaml
[2.012s] -- Installing: /home/alejandro/cpr/colcon_ws/install/bluerov2_gz/share/bluerov2_gz/models/bluerov2/model.sdf
[2.012s] -- Installing: /home/alejandro/cpr/colcon_ws/install/bluerov2_gz/share/bluerov2_gz/models/bluerov2/model.config
[2.014s] -- Installing: /home/alejandro/cpr/colcon_ws/install/bluerov2_gz/share/bluerov2_gz/models/bluerov2/model.sdf.in
[2.014s] -- Installing: /home/alejandro/cpr/colcon_ws/install/bluerov2_gz/share/bluerov2_gz/models/bluerov2/meshes
[2.014s] -- Installing: /home/alejandro/cpr/colcon_ws/install/bluerov2_gz/share/bluerov2_gz/models/bluerov2/meshes/t200_cw_prop.dae
[2.015s] -- Installing: /home/alejandro/cpr/colcon_ws/install/bluerov2_gz/share/bluerov2_gz/models/bluerov2/meshes/bluerov2.dae
[2.044s] -- Installing: /home/alejandro/cpr/colcon_ws/install/bluerov2_gz/share/bluerov2_gz/models/bluerov2/meshes/t200_ccw_prop.dae
[2.047s] -- Installing: /home/alejandro/cpr/colcon_ws/install/bluerov2_gz/share/bluerov2_gz/models/bluerov2/BlueROV2.md
[2.048s] -- Installing: /home/alejandro/cpr/colcon_ws/install/bluerov2_gz/share/bluerov2_gz/models/axes
[2.048s] -- Installing: /home/alejandro/cpr/colcon_ws/install/bluerov2_gz/share/bluerov2_gz/models/axes/model.sdf
[2.048s] -- Installing: /home/alejandro/cpr/colcon_ws/install/bluerov2_gz/share/bluerov2_gz/models/axes/model.config
[2.049s] -- Installing: /home/alejandro/cpr/colcon_ws/install/bluerov2_gz/share/bluerov2_gz/worlds
[2.050s] -- Installing: /home/alejandro/cpr/colcon_ws/install/bluerov2_gz/share/bluerov2_gz/worlds/bluerov2_underwater.world
[2.050s] -- Installing: /home/alejandro/cpr/colcon_ws/install/bluerov2_gz/share/bluerov2_gz/worlds/bluerov2_heavy_underwater.world
[2.051s] -- Installing: /home/alejandro/cpr/colcon_ws/install/bluerov2_gz/share/ament_index/resource_index/package_run_dependencies/bluerov2_gz
[2.051s] -- Installing: /home/alejandro/cpr/colcon_ws/install/bluerov2_gz/share/ament_index/resource_index/parent_prefix_path/bluerov2_gz
[2.051s] -- Installing: /home/alejandro/cpr/colcon_ws/install/bluerov2_gz/share/bluerov2_gz/environment/ament_prefix_path.sh
[2.051s] -- Installing: /home/alejandro/cpr/colcon_ws/install/bluerov2_gz/share/bluerov2_gz/environment/ament_prefix_path.dsv
[2.051s] -- Installing: /home/alejandro/cpr/colcon_ws/install/bluerov2_gz/share/bluerov2_gz/environment/path.sh
[2.052s] -- Installing: /home/alejandro/cpr/colcon_ws/install/bluerov2_gz/share/bluerov2_gz/environment/path.dsv
[2.052s] -- Installing: /home/alejandro/cpr/colcon_ws/install/bluerov2_gz/share/bluerov2_gz/local_setup.bash
[2.052s] -- Installing: /home/alejandro/cpr/colcon_ws/install/bluerov2_gz/share/bluerov2_gz/local_setup.sh
[2.052s] -- Installing: /home/alejandro/cpr/colcon_ws/install/bluerov2_gz/share/bluerov2_gz/local_setup.zsh
[2.053s] -- Installing: /home/alejandro/cpr/colcon_ws/install/bluerov2_gz/share/bluerov2_gz/local_setup.dsv
[2.053s] -- Installing: /home/alejandro/cpr/colcon_ws/install/bluerov2_gz/share/bluerov2_gz/package.dsv
[2.053s] -- Installing: /home/alejandro/cpr/colcon_ws/install/bluerov2_gz/share/ament_index/resource_index/packages/bluerov2_gz
[2.054s] -- Installing: /home/alejandro/cpr/colcon_ws/install/bluerov2_gz/share/bluerov2_gz/cmake/bluerov2_gzConfig.cmake
[2.054s] -- Installing: /home/alejandro/cpr/colcon_ws/install/bluerov2_gz/share/bluerov2_gz/cmake/bluerov2_gzConfig-version.cmake
[2.054s] -- Installing: /home/alejandro/cpr/colcon_ws/install/bluerov2_gz/share/bluerov2_gz/package.xml
[2.078s] Invoked command in '/home/alejandro/cpr/colcon_ws/build/bluerov2_gz' returned '0': CMAKE_PREFIX_PATH=/opt/ros/humble /usr/bin/cmake --install /home/alejandro/cpr/colcon_ws/build/bluerov2_gz
