-- The C compiler identification is GNU 11.4.0
-- The CXX compiler identification is GNU 11.4.0
-- Detecting C compiler ABI info
-- Detecting C compiler ABI info - done
-- Check for working C compiler: /usr/bin/cc - skipped
-- Detecting C compile features
-- Detecting C compile features - done
-- Detecting CXX compiler ABI info
-- Detecting CXX compiler ABI info - done
-- Check for working CXX compiler: /usr/bin/c++ - skipped
-- Detecting CXX compile features
-- Detecting CXX compile features - done
-- Found ament_cmake_auto: 1.3.12 (/opt/ros/humble/share/ament_cmake_auto/cmake)
-- Found Python3: /usr/bin/python3 (found version "3.10.12") found components: Interpreter 
-- Found rosidl_generator_c: 3.1.7 (/opt/ros/humble/share/rosidl_generator_c/cmake)
-- Found rosidl_adapter: 3.1.7 (/opt/ros/humble/share/rosidl_adapter/cmake)
-- Found rosidl_generator_cpp: 3.1.7 (/opt/ros/humble/share/rosidl_generator_cpp/cmake)
-- Using all available rosidl_typesupport_c: rosidl_typesupport_fastrtps_c;rosidl_typesupport_introspection_c
-- Using all available rosidl_typesupport_cpp: rosidl_typesupport_fastrtps_cpp;rosidl_typesupport_introspection_cpp
-- Found rmw_implementation_cmake: 6.1.2 (/opt/ros/humble/share/rmw_implementation_cmake/cmake)
-- Found rmw_fastrtps_cpp: 6.2.9 (/opt/ros/humble/share/rmw_fastrtps_cpp/cmake)
-- Found OpenSSL: /usr/lib/x86_64-linux-gnu/libcrypto.so (found version "3.0.2")  
-- Found FastRTPS: /opt/ros/humble/include  
-- Using RMW implementation 'rmw_fastrtps_cpp' as default
-- Looking for pthread.h
-- Looking for pthread.h - found
-- Performing Test CMAKE_HAVE_LIBC_PTHREAD
-- Performing Test CMAKE_HAVE_LIBC_PTHREAD - Success
-- Found Threads: TRUE  
-- Found eigen3_cmake_module: 0.1.1 (/opt/ros/humble/share/eigen3_cmake_module/cmake)
-- Found Eigen3: TRUE (found version "3.4.0") 
-- Ensuring Eigen3 include directory is part of orocos-kdl CMake target
-- Found ament_lint_auto: 0.12.14 (/opt/ros/humble/share/ament_lint_auto/cmake)
-- Added test 'copyright' to check source files copyright and LICENSE
-- Added test 'cppcheck' to perform static code analysis on C / C++ code
-- Configured cppcheck include dirs: /home/alejandro/cpr/colcon_ws/src/orca4/orca_base/include
-- Configured cppcheck exclude dirs and/or files: 
-- Added test 'cpplint' to check C / C++ code against the Google style
-- Configured cpplint exclude dirs and/or files: 
-- Added test 'flake8' to check Python code syntax and style conventions
-- Added test 'lint_cmake' to check CMake code style
-- Added test 'pep257' to check Python code against some of the docstring style conventions in PEP 257
-- Added test 'uncrustify' to check C / C++ code style
-- Configured uncrustify additional arguments: 
-- Added test 'xmllint' to check XML markup files
-- Configuring done
-- Generating done
-- Build files have been written to: /home/alejandro/cpr/colcon_ws/build/orca_base
[ 14%] [32mBuilding CXX object CMakeFiles/base_controller.dir/src/underwater_motion.cpp.o[0m
[ 28%] [32mBuilding CXX object CMakeFiles/base_controller.dir/src/base_controller.cpp.o[0m
[ 42%] [32mBuilding CXX object CMakeFiles/camera_info_publisher.dir/src/camera_info_publisher.cpp.o[0m
[ 57%] [32m[1mLinking CXX executable camera_info_publisher[0m
[ 57%] Built target camera_info_publisher
[ 71%] [32m[1mLinking CXX executable base_controller[0m
[ 71%] Built target base_controller
[ 85%] [32mBuilding CXX object CMakeFiles/manager.dir/src/manager.cpp.o[0m
[100%] [32m[1mLinking CXX executable manager[0m
[100%] Built target manager
-- Install configuration: ""
-- Installing: /home/alejandro/cpr/colcon_ws/install/orca_base/lib/orca_base/test_base.py
-- Installing: /home/alejandro/cpr/colcon_ws/install/orca_base/include
-- Installing: /home/alejandro/cpr/colcon_ws/install/orca_base/include/orca_base
-- Installing: /home/alejandro/cpr/colcon_ws/install/orca_base/include/orca_base/base_context.hpp
-- Installing: /home/alejandro/cpr/colcon_ws/install/orca_base/include/orca_base/underwater_motion.hpp
-- Installing: /home/alejandro/cpr/colcon_ws/install/orca_base/lib/orca_base/base_controller
-- Set runtime path of "/home/alejandro/cpr/colcon_ws/install/orca_base/lib/orca_base/base_controller" to ""
-- Installing: /home/alejandro/cpr/colcon_ws/install/orca_base/lib/orca_base/camera_info_publisher
-- Set runtime path of "/home/alejandro/cpr/colcon_ws/install/orca_base/lib/orca_base/camera_info_publisher" to ""
-- Installing: /home/alejandro/cpr/colcon_ws/install/orca_base/lib/orca_base/manager
-- Set runtime path of "/home/alejandro/cpr/colcon_ws/install/orca_base/lib/orca_base/manager" to ""
-- Installing: /home/alejandro/cpr/colcon_ws/install/orca_base/share/ament_index/resource_index/package_run_dependencies/orca_base
-- Installing: /home/alejandro/cpr/colcon_ws/install/orca_base/share/ament_index/resource_index/parent_prefix_path/orca_base
-- Installing: /home/alejandro/cpr/colcon_ws/install/orca_base/share/orca_base/environment/ament_prefix_path.sh
-- Installing: /home/alejandro/cpr/colcon_ws/install/orca_base/share/orca_base/environment/ament_prefix_path.dsv
-- Installing: /home/alejandro/cpr/colcon_ws/install/orca_base/share/orca_base/environment/path.sh
-- Installing: /home/alejandro/cpr/colcon_ws/install/orca_base/share/orca_base/environment/path.dsv
-- Installing: /home/alejandro/cpr/colcon_ws/install/orca_base/share/orca_base/local_setup.bash
-- Installing: /home/alejandro/cpr/colcon_ws/install/orca_base/share/orca_base/local_setup.sh
-- Installing: /home/alejandro/cpr/colcon_ws/install/orca_base/share/orca_base/local_setup.zsh
-- Installing: /home/alejandro/cpr/colcon_ws/install/orca_base/share/orca_base/local_setup.dsv
-- Installing: /home/alejandro/cpr/colcon_ws/install/orca_base/share/orca_base/package.dsv
-- Installing: /home/alejandro/cpr/colcon_ws/install/orca_base/share/ament_index/resource_index/packages/orca_base
-- Installing: /home/alejandro/cpr/colcon_ws/install/orca_base/share/orca_base/cmake/ament_cmake_export_dependencies-extras.cmake
-- Installing: /home/alejandro/cpr/colcon_ws/install/orca_base/share/orca_base/cmake/ament_cmake_export_include_directories-extras.cmake
-- Installing: /home/alejandro/cpr/colcon_ws/install/orca_base/share/orca_base/cmake/orca_baseConfig.cmake
-- Installing: /home/alejandro/cpr/colcon_ws/install/orca_base/share/orca_base/cmake/orca_baseConfig-version.cmake
-- Installing: /home/alejandro/cpr/colcon_ws/install/orca_base/share/orca_base/package.xml
