[0.053s] Invoking command in '/home/alejandro/cpr/colcon_ws/build/orca_description': CMAKE_PREFIX_PATH=/opt/ros/humble /usr/bin/cmake /home/alejandro/cpr/colcon_ws/src/orca4/orca_description -DCMAKE_INSTALL_PREFIX=/home/alejandro/cpr/colcon_ws/install/orca_description
[1.756s] -- The C compiler identification is GNU 11.4.0
[1.757s] -- The CXX compiler identification is GNU 11.4.0
[1.757s] -- Detecting C compiler ABI info
[1.761s] -- Detecting C compiler ABI info - done
[1.762s] -- Check for working C compiler: /usr/bin/cc - skipped
[1.762s] -- Detecting C compile features
[1.762s] -- Detecting C compile features - done
[1.762s] -- Detecting CXX compiler ABI info
[1.763s] -- Detecting CXX compiler ABI info - done
[1.763s] -- Check for working CXX compiler: /usr/bin/c++ - skipped
[1.763s] -- Detecting CXX compile features
[1.763s] -- Detecting CXX compile features - done
[1.763s] -- Found ament_cmake_auto: 1.3.12 (/opt/ros/humble/share/ament_cmake_auto/cmake)
[1.764s] -- Found Python3: /usr/bin/python3 (found version "3.10.12") found components: Interpreter 
[1.764s] -- Found ament_lint_auto: 0.12.14 (/opt/ros/humble/share/ament_lint_auto/cmake)
[1.780s] -- Added test 'copyright' to check source files copyright and LICENSE
[1.782s] -- Added test 'lint_cmake' to check CMake code style
[1.783s] -- Added test 'xmllint' to check XML markup files
[1.786s] -- Configuring done
[1.793s] -- Generating done
[1.797s] -- Build files have been written to: /home/alejandro/cpr/colcon_ws/build/orca_description
[1.809s] Invoked command in '/home/alejandro/cpr/colcon_ws/build/orca_description' returned '0': CMAKE_PREFIX_PATH=/opt/ros/humble /usr/bin/cmake /home/alejandro/cpr/colcon_ws/src/orca4/orca_description -DCMAKE_INSTALL_PREFIX=/home/alejandro/cpr/colcon_ws/install/orca_description
[1.812s] Invoking command in '/home/alejandro/cpr/colcon_ws/build/orca_description': CMAKE_PREFIX_PATH=/opt/ros/humble /usr/bin/cmake --build /home/alejandro/cpr/colcon_ws/build/orca_description -- -j8 -l8
[1.888s] Invoked command in '/home/alejandro/cpr/colcon_ws/build/orca_description' returned '0': CMAKE_PREFIX_PATH=/opt/ros/humble /usr/bin/cmake --build /home/alejandro/cpr/colcon_ws/build/orca_description -- -j8 -l8
[1.893s] Invoking command in '/home/alejandro/cpr/colcon_ws/build/orca_description': CMAKE_PREFIX_PATH=/opt/ros/humble /usr/bin/cmake --install /home/alejandro/cpr/colcon_ws/build/orca_description
[1.916s] -- Install configuration: ""
[1.916s] -- Installing: /home/alejandro/cpr/colcon_ws/install/orca_description/share/orca_description/environment/setup.dsv
[1.916s] -- Installing: /home/alejandro/cpr/colcon_ws/install/orca_description/share/orca_description/models
[1.916s] -- Installing: /home/alejandro/cpr/colcon_ws/install/orca_description/share/orca_description/models/orca4
[1.916s] -- Installing: /home/alejandro/cpr/colcon_ws/install/orca_description/share/orca_description/models/orca4/model.sdf
[1.917s] -- Installing: /home/alejandro/cpr/colcon_ws/install/orca_description/share/orca_description/models/orca4/model.config
[1.917s] -- Installing: /home/alejandro/cpr/colcon_ws/install/orca_description/share/orca_description/models/orca4/model.sdf.in
[1.917s] -- Installing: /home/alejandro/cpr/colcon_ws/install/orca_description/share/orca_description/models/orca4/meshes
[1.917s] -- Installing: /home/alejandro/cpr/colcon_ws/install/orca_description/share/orca_description/models/orca4/meshes/t200-cw-prop.dae
[1.917s] -- Installing: /home/alejandro/cpr/colcon_ws/install/orca_description/share/orca_description/models/orca4/meshes/bluerov2.dae
[1.946s] -- Installing: /home/alejandro/cpr/colcon_ws/install/orca_description/share/orca_description/models/orca4/meshes/t200-ccw-prop.dae
[1.947s] -- Installing: /home/alejandro/cpr/colcon_ws/install/orca_description/share/orca_description/scripts
[1.947s] -- Installing: /home/alejandro/cpr/colcon_ws/install/orca_description/share/orca_description/scripts/generate_model.py
[1.948s] -- Installing: /home/alejandro/cpr/colcon_ws/install/orca_description/share/orca_description/worlds
[1.948s] -- Installing: /home/alejandro/cpr/colcon_ws/install/orca_description/share/orca_description/worlds/sand.world
[1.948s] -- Installing: /home/alejandro/cpr/colcon_ws/install/orca_description/share/ament_index/resource_index/package_run_dependencies/orca_description
[1.949s] -- Installing: /home/alejandro/cpr/colcon_ws/install/orca_description/share/ament_index/resource_index/parent_prefix_path/orca_description
[1.949s] -- Installing: /home/alejandro/cpr/colcon_ws/install/orca_description/share/orca_description/environment/ament_prefix_path.sh
[1.950s] -- Installing: /home/alejandro/cpr/colcon_ws/install/orca_description/share/orca_description/environment/ament_prefix_path.dsv
[1.950s] -- Installing: /home/alejandro/cpr/colcon_ws/install/orca_description/share/orca_description/environment/path.sh
[1.950s] -- Installing: /home/alejandro/cpr/colcon_ws/install/orca_description/share/orca_description/environment/path.dsv
[1.951s] -- Installing: /home/alejandro/cpr/colcon_ws/install/orca_description/share/orca_description/local_setup.bash
[1.951s] -- Installing: /home/alejandro/cpr/colcon_ws/install/orca_description/share/orca_description/local_setup.sh
[1.951s] -- Installing: /home/alejandro/cpr/colcon_ws/install/orca_description/share/orca_description/local_setup.zsh
[1.952s] -- Installing: /home/alejandro/cpr/colcon_ws/install/orca_description/share/orca_description/local_setup.dsv
[1.952s] -- Installing: /home/alejandro/cpr/colcon_ws/install/orca_description/share/orca_description/package.dsv
[1.953s] -- Installing: /home/alejandro/cpr/colcon_ws/install/orca_description/share/ament_index/resource_index/packages/orca_description
[1.953s] -- Installing: /home/alejandro/cpr/colcon_ws/install/orca_description/share/orca_description/cmake/orca_descriptionConfig.cmake
[1.953s] -- Installing: /home/alejandro/cpr/colcon_ws/install/orca_description/share/orca_description/cmake/orca_descriptionConfig-version.cmake
[1.954s] -- Installing: /home/alejandro/cpr/colcon_ws/install/orca_description/share/orca_description/package.xml
[1.959s] Invoked command in '/home/alejandro/cpr/colcon_ws/build/orca_description' returned '0': CMAKE_PREFIX_PATH=/opt/ros/humble /usr/bin/cmake --install /home/alejandro/cpr/colcon_ws/build/orca_description
