[0.058s] Invoking command in '/home/alejandro/cpr/colcon_ws/build/orca_shared': AMENT_PREFIX_PATH=/home/alejandro/cpr/colcon_ws/install/ros2_shared:/home/alejandro/cpr/colcon_ws/install/orca_msgs:${AMENT_PREFIX_PATH} CMAKE_PREFIX_PATH=/home/alejandro/cpr/colcon_ws/install/ros2_shared:/home/alejandro/cpr/colcon_ws/install/orca_msgs:/opt/ros/humble LD_LIBRARY_PATH=/home/alejandro/cpr/colcon_ws/install/orca_msgs/lib:${LD_LIBRARY_PATH} PYTHONPATH=/home/alejandro/cpr/colcon_ws/install/orca_msgs/local/lib/python3.10/dist-packages:${PYTHONPATH} /usr/bin/cmake /home/alejandro/cpr/colcon_ws/src/orca4/orca_shared -DCMAKE_INSTALL_PREFIX=/home/alejandro/cpr/colcon_ws/install/orca_shared
[0.228s] -- The C compiler identification is GNU 11.4.0
[0.518s] -- The CXX compiler identification is GNU 11.4.0
[0.562s] -- Detecting C compiler ABI info
[0.814s] -- Detecting C compiler ABI info - done
[0.843s] -- Check for working C compiler: /usr/bin/cc - skipped
[0.844s] -- Detecting C compile features
[0.846s] -- Detecting C compile features - done
[0.856s] -- Detecting CXX compiler ABI info
[1.329s] -- Detecting CXX compiler ABI info - done
[1.397s] -- Check for working CXX compiler: /usr/bin/c++ - skipped
[1.398s] -- Detecting CXX compile features
[1.399s] -- Detecting CXX compile features - done
[1.416s] -- Found ament_cmake_auto: 1.3.12 (/opt/ros/humble/share/ament_cmake_auto/cmake)
[2.290s] -- Found Python3: /usr/bin/python3 (found version "3.10.12") found components: Interpreter 
[3.421s] -- Found rosidl_generator_c: 3.1.7 (/opt/ros/humble/share/rosidl_generator_c/cmake)
[3.442s] -- Found rosidl_adapter: 3.1.7 (/opt/ros/humble/share/rosidl_adapter/cmake)
[3.488s] -- Found rosidl_generator_cpp: 3.1.7 (/opt/ros/humble/share/rosidl_generator_cpp/cmake)
[3.582s] -- Using all available rosidl_typesupport_c: rosidl_typesupport_fastrtps_c;rosidl_typesupport_introspection_c
[3.719s] -- Using all available rosidl_typesupport_cpp: rosidl_typesupport_fastrtps_cpp;rosidl_typesupport_introspection_cpp
[4.870s] -- Found rmw_implementation_cmake: 6.1.2 (/opt/ros/humble/share/rmw_implementation_cmake/cmake)
[4.891s] -- Found rmw_fastrtps_cpp: 6.2.9 (/opt/ros/humble/share/rmw_fastrtps_cpp/cmake)
[5.492s] -- Found OpenSSL: /usr/lib/x86_64-linux-gnu/libcrypto.so (found version "3.0.2")  
[5.605s] -- Found FastRTPS: /opt/ros/humble/include  
[5.761s] -- Using RMW implementation 'rmw_fastrtps_cpp' as default
[5.796s] -- Looking for pthread.h
[6.098s] -- Looking for pthread.h - found
[6.100s] -- Performing Test CMAKE_HAVE_LIBC_PTHREAD
[6.311s] -- Performing Test CMAKE_HAVE_LIBC_PTHREAD - Success
[6.315s] -- Found Threads: TRUE  
[6.602s] -- Found eigen3_cmake_module: 0.1.1 (/opt/ros/humble/share/eigen3_cmake_module/cmake)
[6.605s] -- Found Eigen3: TRUE (found version "3.4.0") 
[6.606s] -- Ensuring Eigen3 include directory is part of orocos-kdl CMake target
[7.080s] -- Found ament_lint_auto: 0.12.14 (/opt/ros/humble/share/ament_lint_auto/cmake)
[7.214s] [0mIn this package, headers install destination is set to `include` by ament_auto_package. It is recommended to install `include/orca_shared` instead and will be the default behavior of ament_auto_package from ROS 2 Kilted Kaiju. On distributions before Kilted, ament_auto_package behaves the same way when you use USE_SCOPED_HEADER_INSTALL_DIR option.[0m
[7.241s] -- Added test 'copyright' to check source files copyright and LICENSE
[7.250s] -- Added test 'cpplint' to check C / C++ code against the Google style
[7.250s] -- Configured cpplint exclude dirs and/or files: 
[7.251s] -- Added test 'lint_cmake' to check CMake code style
[7.268s] -- Added test 'uncrustify' to check C / C++ code style
[7.271s] -- Configured uncrustify additional arguments: 
[7.272s] -- Added test 'xmllint' to check XML markup files
[7.286s] -- Configuring done
[7.401s] -- Generating done
[7.441s] -- Build files have been written to: /home/alejandro/cpr/colcon_ws/build/orca_shared
[7.515s] Invoked command in '/home/alejandro/cpr/colcon_ws/build/orca_shared' returned '0': AMENT_PREFIX_PATH=/home/alejandro/cpr/colcon_ws/install/ros2_shared:/home/alejandro/cpr/colcon_ws/install/orca_msgs:${AMENT_PREFIX_PATH} CMAKE_PREFIX_PATH=/home/alejandro/cpr/colcon_ws/install/ros2_shared:/home/alejandro/cpr/colcon_ws/install/orca_msgs:/opt/ros/humble LD_LIBRARY_PATH=/home/alejandro/cpr/colcon_ws/install/orca_msgs/lib:${LD_LIBRARY_PATH} PYTHONPATH=/home/alejandro/cpr/colcon_ws/install/orca_msgs/local/lib/python3.10/dist-packages:${PYTHONPATH} /usr/bin/cmake /home/alejandro/cpr/colcon_ws/src/orca4/orca_shared -DCMAKE_INSTALL_PREFIX=/home/alejandro/cpr/colcon_ws/install/orca_shared
[7.531s] Invoking command in '/home/alejandro/cpr/colcon_ws/build/orca_shared': AMENT_PREFIX_PATH=/home/alejandro/cpr/colcon_ws/install/ros2_shared:/home/alejandro/cpr/colcon_ws/install/orca_msgs:${AMENT_PREFIX_PATH} CMAKE_PREFIX_PATH=/home/alejandro/cpr/colcon_ws/install/ros2_shared:/home/alejandro/cpr/colcon_ws/install/orca_msgs:/opt/ros/humble LD_LIBRARY_PATH=/home/alejandro/cpr/colcon_ws/install/orca_msgs/lib:${LD_LIBRARY_PATH} PYTHONPATH=/home/alejandro/cpr/colcon_ws/install/orca_msgs/local/lib/python3.10/dist-packages:${PYTHONPATH} /usr/bin/cmake --build /home/alejandro/cpr/colcon_ws/build/orca_shared -- -j8 -l8
[7.836s] [ 25%] [32mBuilding CXX object CMakeFiles/orca_shared.dir/src/model.cpp.o[0m
[19.355s] [ 50%] [32mBuilding CXX object CMakeFiles/orca_shared.dir/src/util.cpp.o[0m
[28.832s] [ 75%] [32mBuilding CXX object CMakeFiles/orca_shared.dir/src/pwm.cpp.o[0m
[36.735s] [100%] [32m[1mLinking CXX shared library liborca_shared.so[0m
[37.415s] [100%] Built target orca_shared
[37.473s] Invoked command in '/home/alejandro/cpr/colcon_ws/build/orca_shared' returned '0': AMENT_PREFIX_PATH=/home/alejandro/cpr/colcon_ws/install/ros2_shared:/home/alejandro/cpr/colcon_ws/install/orca_msgs:${AMENT_PREFIX_PATH} CMAKE_PREFIX_PATH=/home/alejandro/cpr/colcon_ws/install/ros2_shared:/home/alejandro/cpr/colcon_ws/install/orca_msgs:/opt/ros/humble LD_LIBRARY_PATH=/home/alejandro/cpr/colcon_ws/install/orca_msgs/lib:${LD_LIBRARY_PATH} PYTHONPATH=/home/alejandro/cpr/colcon_ws/install/orca_msgs/local/lib/python3.10/dist-packages:${PYTHONPATH} /usr/bin/cmake --build /home/alejandro/cpr/colcon_ws/build/orca_shared -- -j8 -l8
[37.482s] Invoking command in '/home/alejandro/cpr/colcon_ws/build/orca_shared': AMENT_PREFIX_PATH=/home/alejandro/cpr/colcon_ws/install/ros2_shared:/home/alejandro/cpr/colcon_ws/install/orca_msgs:${AMENT_PREFIX_PATH} CMAKE_PREFIX_PATH=/home/alejandro/cpr/colcon_ws/install/ros2_shared:/home/alejandro/cpr/colcon_ws/install/orca_msgs:/opt/ros/humble LD_LIBRARY_PATH=/home/alejandro/cpr/colcon_ws/install/orca_msgs/lib:${LD_LIBRARY_PATH} PYTHONPATH=/home/alejandro/cpr/colcon_ws/install/orca_msgs/local/lib/python3.10/dist-packages:${PYTHONPATH} /usr/bin/cmake --install /home/alejandro/cpr/colcon_ws/build/orca_shared
[37.522s] -- Install configuration: ""
[37.522s] -- Installing: /home/alejandro/cpr/colcon_ws/install/orca_shared/include
[37.522s] -- Installing: /home/alejandro/cpr/colcon_ws/install/orca_shared/include/orca_shared
[37.523s] -- Installing: /home/alejandro/cpr/colcon_ws/install/orca_shared/include/orca_shared/model.hpp
[37.523s] -- Installing: /home/alejandro/cpr/colcon_ws/install/orca_shared/include/orca_shared/util.hpp
[37.523s] -- Installing: /home/alejandro/cpr/colcon_ws/install/orca_shared/include/orca_shared/pwm.hpp
[37.526s] -- Installing: /home/alejandro/cpr/colcon_ws/install/orca_shared/share/orca_shared/environment/library_path.sh
[37.527s] -- Installing: /home/alejandro/cpr/colcon_ws/install/orca_shared/share/orca_shared/environment/library_path.dsv
[37.527s] -- Installing: /home/alejandro/cpr/colcon_ws/install/orca_shared/lib/liborca_shared.so
[37.529s] -- Set runtime path of "/home/alejandro/cpr/colcon_ws/install/orca_shared/lib/liborca_shared.so" to ""
[37.530s] -- Installing: /home/alejandro/cpr/colcon_ws/install/orca_shared/share/ament_index/resource_index/package_run_dependencies/orca_shared
[37.531s] -- Installing: /home/alejandro/cpr/colcon_ws/install/orca_shared/share/ament_index/resource_index/parent_prefix_path/orca_shared
[37.532s] -- Installing: /home/alejandro/cpr/colcon_ws/install/orca_shared/share/orca_shared/environment/ament_prefix_path.sh
[37.532s] -- Installing: /home/alejandro/cpr/colcon_ws/install/orca_shared/share/orca_shared/environment/ament_prefix_path.dsv
[37.532s] -- Installing: /home/alejandro/cpr/colcon_ws/install/orca_shared/share/orca_shared/environment/path.sh
[37.533s] -- Installing: /home/alejandro/cpr/colcon_ws/install/orca_shared/share/orca_shared/environment/path.dsv
[37.533s] -- Installing: /home/alejandro/cpr/colcon_ws/install/orca_shared/share/orca_shared/local_setup.bash
[37.540s] -- Installing: /home/alejandro/cpr/colcon_ws/install/orca_shared/share/orca_shared/local_setup.sh
[37.540s] -- Installing: /home/alejandro/cpr/colcon_ws/install/orca_shared/share/orca_shared/local_setup.zsh
[37.541s] -- Installing: /home/alejandro/cpr/colcon_ws/install/orca_shared/share/orca_shared/local_setup.dsv
[37.541s] -- Installing: /home/alejandro/cpr/colcon_ws/install/orca_shared/share/orca_shared/package.dsv
[37.541s] -- Installing: /home/alejandro/cpr/colcon_ws/install/orca_shared/share/ament_index/resource_index/packages/orca_shared
[37.541s] -- Installing: /home/alejandro/cpr/colcon_ws/install/orca_shared/share/orca_shared/cmake/ament_cmake_export_dependencies-extras.cmake
[37.542s] -- Installing: /home/alejandro/cpr/colcon_ws/install/orca_shared/share/orca_shared/cmake/ament_cmake_export_include_directories-extras.cmake
[37.542s] -- Installing: /home/alejandro/cpr/colcon_ws/install/orca_shared/share/orca_shared/cmake/ament_cmake_export_libraries-extras.cmake
[37.542s] -- Installing: /home/alejandro/cpr/colcon_ws/install/orca_shared/share/orca_shared/cmake/orca_sharedConfig.cmake
[37.543s] -- Installing: /home/alejandro/cpr/colcon_ws/install/orca_shared/share/orca_shared/cmake/orca_sharedConfig-version.cmake
[37.543s] -- Installing: /home/alejandro/cpr/colcon_ws/install/orca_shared/share/orca_shared/package.xml
[37.555s] Invoked command in '/home/alejandro/cpr/colcon_ws/build/orca_shared' returned '0': AMENT_PREFIX_PATH=/home/alejandro/cpr/colcon_ws/install/ros2_shared:/home/alejandro/cpr/colcon_ws/install/orca_msgs:${AMENT_PREFIX_PATH} CMAKE_PREFIX_PATH=/home/alejandro/cpr/colcon_ws/install/ros2_shared:/home/alejandro/cpr/colcon_ws/install/orca_msgs:/opt/ros/humble LD_LIBRARY_PATH=/home/alejandro/cpr/colcon_ws/install/orca_msgs/lib:${LD_LIBRARY_PATH} PYTHONPATH=/home/alejandro/cpr/colcon_ws/install/orca_msgs/local/lib/python3.10/dist-packages:${PYTHONPATH} /usr/bin/cmake --install /home/alejandro/cpr/colcon_ws/build/orca_shared
