[0.055s] Invoking command in '/home/alejandro/cpr/colcon_ws/build/ros2_shared': CMAKE_PREFIX_PATH=/opt/ros/humble /usr/bin/cmake /home/alejandro/cpr/colcon_ws/src/ros2_shared -DCMAKE_INSTALL_PREFIX=/home/alejandro/cpr/colcon_ws/install/ros2_shared
[0.216s] -- The C compiler identification is GNU 11.4.0
[0.373s] -- The CXX compiler identification is GNU 11.4.0
[0.392s] -- Detecting C compiler ABI info
[0.571s] -- Detecting C compiler ABI info - done
[0.604s] -- Check for working C compiler: /usr/bin/cc - skipped
[0.604s] -- Detecting C compile features
[0.605s] -- Detecting C compile features - done
[0.615s] -- Detecting CXX compiler ABI info
[0.830s] -- Detecting CXX compiler ABI info - done
[0.851s] -- Check for working CXX compiler: /usr/bin/c++ - skipped
[0.852s] -- Detecting CXX compile features
[0.857s] -- Detecting CXX compile features - done
[0.861s] -- Found ament_cmake: 1.3.12 (/opt/ros/humble/share/ament_cmake/cmake)
[1.310s] -- Found Python3: /usr/bin/python3 (found version "3.10.12") found components: Interpreter 
[1.601s] -- Found rclcpp: 16.0.15 (/opt/ros/humble/share/rclcpp/cmake)
[1.703s] -- Found rosidl_generator_c: 3.1.7 (/opt/ros/humble/share/rosidl_generator_c/cmake)
[1.717s] -- Found rosidl_adapter: 3.1.7 (/opt/ros/humble/share/rosidl_adapter/cmake)
[1.742s] -- Found rosidl_generator_cpp: 3.1.7 (/opt/ros/humble/share/rosidl_generator_cpp/cmake)
[1.788s] -- Using all available rosidl_typesupport_c: rosidl_typesupport_fastrtps_c;rosidl_typesupport_introspection_c
[1.857s] -- Using all available rosidl_typesupport_cpp: rosidl_typesupport_fastrtps_cpp;rosidl_typesupport_introspection_cpp
[2.024s] -- Found rmw_implementation_cmake: 6.1.2 (/opt/ros/humble/share/rmw_implementation_cmake/cmake)
[2.034s] -- Found rmw_fastrtps_cpp: 6.2.9 (/opt/ros/humble/share/rmw_fastrtps_cpp/cmake)
[2.251s] -- Found OpenSSL: /usr/lib/x86_64-linux-gnu/libcrypto.so (found version "3.0.2")  
[2.346s] -- Found FastRTPS: /opt/ros/humble/include  
[2.459s] -- Using RMW implementation 'rmw_fastrtps_cpp' as default
[2.480s] -- Looking for pthread.h
[2.607s] -- Looking for pthread.h - found
[2.608s] -- Performing Test CMAKE_HAVE_LIBC_PTHREAD
[2.741s] -- Performing Test CMAKE_HAVE_LIBC_PTHREAD - Success
[2.744s] -- Found Threads: TRUE  
[3.010s] -- Configuring done
[3.017s] -- Generating done
[3.022s] -- Build files have been written to: /home/alejandro/cpr/colcon_ws/build/ros2_shared
[3.039s] Invoked command in '/home/alejandro/cpr/colcon_ws/build/ros2_shared' returned '0': CMAKE_PREFIX_PATH=/opt/ros/humble /usr/bin/cmake /home/alejandro/cpr/colcon_ws/src/ros2_shared -DCMAKE_INSTALL_PREFIX=/home/alejandro/cpr/colcon_ws/install/ros2_shared
[3.043s] Invoking command in '/home/alejandro/cpr/colcon_ws/build/ros2_shared': CMAKE_PREFIX_PATH=/opt/ros/humble /usr/bin/cmake --build /home/alejandro/cpr/colcon_ws/build/ros2_shared -- -j8 -l8
[3.110s] Invoked command in '/home/alejandro/cpr/colcon_ws/build/ros2_shared' returned '0': CMAKE_PREFIX_PATH=/opt/ros/humble /usr/bin/cmake --build /home/alejandro/cpr/colcon_ws/build/ros2_shared -- -j8 -l8
[3.112s] Invoking command in '/home/alejandro/cpr/colcon_ws/build/ros2_shared': CMAKE_PREFIX_PATH=/opt/ros/humble /usr/bin/cmake --install /home/alejandro/cpr/colcon_ws/build/ros2_shared
[3.127s] -- Install configuration: ""
[3.127s] -- Installing: /home/alejandro/cpr/colcon_ws/install/ros2_shared/include
[3.128s] -- Installing: /home/alejandro/cpr/colcon_ws/install/ros2_shared/include/ros2_shared
[3.128s] -- Installing: /home/alejandro/cpr/colcon_ws/install/ros2_shared/include/ros2_shared/param_macros.hpp
[3.128s] -- Installing: /home/alejandro/cpr/colcon_ws/install/ros2_shared/include/ros2_shared/string_printf.hpp
[3.129s] -- Installing: /home/alejandro/cpr/colcon_ws/install/ros2_shared/include/ros2_shared/context_macros.hpp
[3.129s] -- Installing: /home/alejandro/cpr/colcon_ws/install/ros2_shared/share/ament_index/resource_index/package_run_dependencies/ros2_shared
[3.129s] -- Installing: /home/alejandro/cpr/colcon_ws/install/ros2_shared/share/ament_index/resource_index/parent_prefix_path/ros2_shared
[3.130s] -- Installing: /home/alejandro/cpr/colcon_ws/install/ros2_shared/share/ros2_shared/environment/ament_prefix_path.sh
[3.130s] -- Installing: /home/alejandro/cpr/colcon_ws/install/ros2_shared/share/ros2_shared/environment/ament_prefix_path.dsv
[3.130s] -- Installing: /home/alejandro/cpr/colcon_ws/install/ros2_shared/share/ros2_shared/environment/path.sh
[3.130s] -- Installing: /home/alejandro/cpr/colcon_ws/install/ros2_shared/share/ros2_shared/environment/path.dsv
[3.131s] -- Installing: /home/alejandro/cpr/colcon_ws/install/ros2_shared/share/ros2_shared/local_setup.bash
[3.131s] -- Installing: /home/alejandro/cpr/colcon_ws/install/ros2_shared/share/ros2_shared/local_setup.sh
[3.131s] -- Installing: /home/alejandro/cpr/colcon_ws/install/ros2_shared/share/ros2_shared/local_setup.zsh
[3.132s] -- Installing: /home/alejandro/cpr/colcon_ws/install/ros2_shared/share/ros2_shared/local_setup.dsv
[3.132s] -- Installing: /home/alejandro/cpr/colcon_ws/install/ros2_shared/share/ros2_shared/package.dsv
[3.132s] -- Installing: /home/alejandro/cpr/colcon_ws/install/ros2_shared/share/ament_index/resource_index/packages/ros2_shared
[3.132s] -- Installing: /home/alejandro/cpr/colcon_ws/install/ros2_shared/share/ros2_shared/cmake/ros2_shared_targetsExport.cmake
[3.133s] -- Installing: /home/alejandro/cpr/colcon_ws/install/ros2_shared/share/ros2_shared/cmake/ament_cmake_export_targets-extras.cmake
[3.133s] -- Installing: /home/alejandro/cpr/colcon_ws/install/ros2_shared/share/ros2_shared/cmake/ament_cmake_export_dependencies-extras.cmake
[3.133s] -- Installing: /home/alejandro/cpr/colcon_ws/install/ros2_shared/share/ros2_shared/cmake/ros2_sharedConfig.cmake
[3.134s] -- Installing: /home/alejandro/cpr/colcon_ws/install/ros2_shared/share/ros2_shared/cmake/ros2_sharedConfig-version.cmake
[3.134s] -- Installing: /home/alejandro/cpr/colcon_ws/install/ros2_shared/share/ros2_shared/package.xml
[3.138s] Invoked command in '/home/alejandro/cpr/colcon_ws/build/ros2_shared' returned '0': CMAKE_PREFIX_PATH=/opt/ros/humble /usr/bin/cmake --install /home/alejandro/cpr/colcon_ws/build/ros2_shared
