[0.053s] Invoking command in '/home/alejandro/cpr/colcon_ws/build/ardupilot_gazebo': CMAKE_PREFIX_PATH=/opt/ros/humble /usr/bin/cmake /home/alejandro/cpr/colcon_ws/src/ardupilot_gazebo -DCMAKE_INSTALL_PREFIX=/home/alejandro/cpr/colcon_ws/install/ardupilot_gazebo
[0.198s] -- The C compiler identification is GNU 11.4.0
[0.360s] -- The CXX compiler identification is GNU 11.4.0
[0.381s] -- Detecting C compiler ABI info
[0.551s] -- Detecting C compiler ABI info - done
[0.582s] -- Check for working C compiler: /usr/bin/cc - skipped
[0.583s] -- Detecting C compile features
[0.584s] -- Detecting C compile features - done
[0.594s] -- Detecting CXX compiler ABI info
[0.815s] -- Detecting CXX compiler ABI info - done
[0.845s] -- Check for working CXX compiler: /usr/bin/c++ - skipped
[0.846s] -- Detecting CXX compile features
[0.848s] -- Detecting CXX compile features - done
[1.312s] -- Found Python3: /usr/bin/python3 (found version "3.10.12") found components: Interpreter 
[1.602s] [0mBuilding ardupilot_gazebo as an `ament_cmake` project.[0m
[1.641s] -- Looking for gz-common5 -- found version 5.7.1
[1.645s] -- Searching for dependencies of gz-common5
[1.651s] -- Looking for gz-utils2 -- found version 2.2.1
[1.652s] -- Searching for dependencies of gz-utils2
[1.655s] -- Looking for dlfcn.h - found
[1.683s] -- Looking for libdl - found
[1.688s] -- Found DL: TRUE  
[1.704s] -- Checking for module 'uuid'
[1.739s] --   Found uuid, version 2.37.2
[1.811s] -- Found UUID: TRUE  
[1.813s] -- Looking for gz-common5 - found
[1.814s] 
[1.824s] -- Looking for gz-rendering8 -- found version 8.2.3
[1.826s] -- Searching for dependencies of gz-rendering8
[1.834s] -- Looking for gz-math7 -- found version 7.5.1
[1.834s] -- Searching for dependencies of gz-math7
[1.836s] -- Looking for gz-utils2 -- found version 2.2.1
[1.841s] -- Searching for <gz-math7> component [eigen3]
[1.846s] -- Looking for gz-math7-eigen3 -- found version 7.5.1
[1.851s] -- Searching for dependencies of gz-math7-eigen3
[1.876s] -- Looking for gz-common5 -- found version 5.7.1
[1.877s] -- Searching for dependencies of gz-common5
[1.878s] -- Looking for gz-utils2 -- found version 2.2.1
[1.879s] -- Looking for dlfcn.h - found
[1.880s] -- Looking for libdl - found
[1.899s] -- Searching for <gz-common5> component [graphics]
[1.907s] -- Looking for gz-common5-graphics -- found version 5.7.1
[1.911s] -- Searching for dependencies of gz-common5-graphics
[1.912s] -- Looking for gz-math7 -- found version 7.5.1
[1.931s] -- Found GzAssimp: TRUE (found version "5.2.0") 
[1.933s] -- Searching for <gz-common5> component [events]
[1.940s] -- Looking for gz-common5-events -- found version 5.7.1
[1.941s] -- Searching for dependencies of gz-common5-events
[1.942s] -- Looking for gz-math7 -- found version 7.5.1
[1.947s] -- Searching for <gz-common5> component [geospatial]
[1.952s] -- Looking for gz-common5-geospatial -- found version 5.7.1
[1.954s] -- Searching for dependencies of gz-common5-geospatial
[1.955s] -- Looking for gz-math7 -- found version 7.5.1
[1.956s] -- Looking for gz-common5 -- found version 5.7.1
[1.966s] -- Looking for gz-plugin2 -- found version 2.0.4
[1.967s] -- Searching for dependencies of gz-plugin2
[1.969s] -- Looking for gz-utils2 -- found version 2.2.1
[1.970s] -- Searching for dependencies of gz-utils2
[1.970s] -- Searching for <gz-utils2> component [cli]
[1.978s] -- Looking for gz-utils2-cli -- found version 2.2.1
[1.980s] -- Searching for dependencies of gz-utils2-cli
[1.982s] -- Searching for <gz-plugin2> component [all]
[1.995s] -- Looking for all libraries of gz-plugin2 -- found version 2.0.4
[1.995s] -- Looking for gz-plugin2 -- found version 2.0.4
[1.997s] -- Looking for gz-plugin2-loader -- found version 2.0.4
[1.998s] -- Searching for dependencies of gz-plugin2-loader
[2.008s] -- Looking for gz-plugin2-register -- found version 2.0.4
[2.010s] -- Searching for dependencies of gz-plugin2-register
[2.013s] -- Looking for gz-utils2 -- found version 2.2.1
[2.028s] -- Found OpenGL: /usr/lib/x86_64-linux-gnu/libOpenGL.so  found components: OpenGL 
[2.029s] -- Looking for gz-rendering8 - found
[2.029s] 
[2.042s] -- Looking for gz-sim8 -- found version 8.10.0
[2.047s] -- Searching for dependencies of gz-sim8
[2.051s] -- Looking for sdformat14 -- found version 14.8.0
[2.052s] -- Searching for dependencies of sdformat14
[2.064s] -- Checking for module 'tinyxml2'
[2.086s] --   Found tinyxml2, version 9.0.0
[2.145s] -- Looking for gz-math7 -- found version 7.5.1
[2.146s] -- Looking for gz-utils2 -- found version 2.2.1
[2.148s] -- Looking for gz-plugin2 -- found version 2.0.4
[2.154s] -- Looking for gz-transport13 -- found version 13.5.0
[2.156s] -- Searching for dependencies of gz-transport13
[2.514s] -- Found Protobuf: /usr/lib/x86_64-linux-gnu/libprotobuf.so (found version "3.12.4") 
[2.543s] -- Config-file not installed for ZeroMQ -- checking for pkg-config
[2.552s] -- Checking for module 'libzmq >= 4'
[2.576s] --   Found libzmq , version 4.3.4
[2.643s] -- Found ZeroMQ: TRUE (Required is at least version "4") 
[2.657s] -- Looking for gz-utils2 -- found version 2.2.1
[2.662s] -- Looking for gz-msgs10 -- found version 10.3.2
[2.663s] -- Searching for dependencies of gz-msgs10
[2.704s] -- Looking for gz-utils2 -- found version 2.2.1
[2.705s] -- Looking for gz-math7 -- found version 7.5.1
[2.720s] -- Searching for <gz-transport13> component [log]
[2.725s] -- Looking for gz-transport13-log -- found version 13.5.0
[2.727s] -- Searching for dependencies of gz-transport13-log
[2.728s] -- Searching for <gz-transport13> component [parameters]
[2.733s] -- Looking for gz-transport13-parameters -- found version 13.5.0
[2.734s] -- Searching for dependencies of gz-transport13-parameters
[2.737s] -- Looking for gz-msgs10 -- found version 10.3.2
[2.738s] -- Looking for gz-common5 -- found version 5.7.1
[2.739s] -- Searching for dependencies of gz-common5
[2.739s] -- Looking for gz-utils2 -- found version 2.2.1
[2.740s] -- Looking for dlfcn.h - found
[2.740s] -- Looking for libdl - found
[2.754s] -- Searching for <gz-common5> component [av]
[2.759s] -- Looking for gz-common5-av -- found version 5.7.1
[2.760s] -- Searching for dependencies of gz-common5-av
[2.770s] -- Checking for module 'libswscale'
[2.792s] --   Found libswscale, version 5.9.100
[2.849s] -- Found SWSCALE: TRUE  
[2.858s] -- Checking for module 'libavdevice >= 56.4.100'
[2.882s] --   Found libavdevice , version 58.13.100
[2.945s] -- Found AVDEVICE: TRUE (Required is at least version "56.4.100") 
[2.956s] -- Checking for module 'libavformat'
[2.982s] --   Found libavformat, version 58.76.100
[3.054s] -- Found AVFORMAT: TRUE  
[3.067s] -- Checking for module 'libavcodec'
[3.094s] --   Found libavcodec, version 58.134.100
[3.161s] -- Found AVCODEC: TRUE  
[3.172s] -- Checking for module 'libavutil'
[3.193s] --   Found libavutil, version 56.70.100
[3.250s] -- Found AVUTIL: TRUE  
[3.251s] -- Searching for <gz-common5> component [events]
[3.252s] -- Searching for <gz-common5> component [graphics]
[3.253s] -- Searching for <gz-common5> component [io]
[3.258s] -- Looking for gz-common5-io -- found version 5.7.1
[3.259s] -- Searching for dependencies of gz-common5-io
[3.260s] -- Searching for <gz-common5> component [profiler]
[3.265s] -- Looking for gz-common5-profiler -- found version 5.7.1
[3.266s] -- Searching for dependencies of gz-common5-profiler
[3.273s] -- Looking for gz-fuel_tools9 -- found version 9.1.1
[3.274s] -- Searching for dependencies of gz-fuel_tools9
[3.437s] -- Found CURL: /usr/lib/x86_64-linux-gnu/libcurl.so (found version "7.81.0")  
[3.456s] -- Checking for module 'jsoncpp'
[3.482s] --   Found jsoncpp, version 1.9.5
[3.548s] -- Found JSONCPP: TRUE  
[3.560s] -- Checking for module 'libzip'
[3.584s] --   Found libzip, version 1.7.3
[3.651s] -- Found ZIP: TRUE  
[3.653s] -- Looking for gz-utils2 -- found version 2.2.1
[3.654s] -- Looking for gz-common5 -- found version 5.7.1
[3.656s] -- Searching for dependencies of gz-common5
[3.657s] -- Looking for gz-utils2 -- found version 2.2.1
[3.657s] -- Looking for dlfcn.h - found
[3.658s] -- Looking for libdl - found
[3.675s] -- Searching for <gz-common5> component [testing]
[3.680s] -- Looking for gz-common5-testing -- found version 5.7.1
[3.682s] -- Searching for dependencies of gz-common5-testing
[3.684s] -- Looking for gz-math7 -- found version 7.5.1
[3.685s] -- Looking for gz-msgs10 -- found version 10.3.2
[3.692s] -- Looking for gz-gui8 -- found version 8.4.0
[3.693s] -- Searching for dependencies of gz-gui8
[3.754s] -- Looking for gz-utils2 -- found version 2.2.1
[3.755s] -- Looking for gz-math7 -- found version 7.5.1
[3.756s] -- Looking for gz-common5 -- found version 5.7.1
[3.757s] -- Looking for gz-plugin2 -- found version 2.0.4
[3.758s] -- Looking for gz-transport13 -- found version 13.5.0
[3.759s] -- Looking for gz-rendering8 -- found version 8.2.3
[3.760s] -- Looking for gz-msgs10 -- found version 10.3.2
[3.842s] -- Looking for gz-physics7 -- found version 7.6.0
[3.843s] -- Searching for dependencies of gz-physics7
[3.844s] -- Looking for gz-common5 -- found version 5.7.1
[3.845s] -- Looking for gz-math7 -- found version 7.5.1
[3.846s] -- Looking for gz-plugin2 -- found version 2.0.4
[3.847s] -- Looking for gz-utils2 -- found version 2.2.1
[3.851s] -- Searching for <gz-physics7> component [heightmap]
[3.857s] -- Looking for gz-physics7-heightmap -- found version 7.6.0
[3.858s] -- Searching for dependencies of gz-physics7-heightmap
[3.859s] -- Looking for gz-common5 -- found version 5.7.1
[3.860s] -- Searching for <gz-physics7> component [mesh]
[3.866s] -- Looking for gz-physics7-mesh -- found version 7.6.0
[3.867s] -- Searching for dependencies of gz-physics7-mesh
[3.868s] -- Looking for gz-common5 -- found version 5.7.1
[3.869s] -- Searching for <gz-physics7> component [sdf]
[3.875s] -- Looking for gz-physics7-sdf -- found version 7.6.0
[3.876s] -- Searching for dependencies of gz-physics7-sdf
[3.877s] -- Looking for sdformat14 -- found version 14.8.0
[3.885s] -- Looking for gz-sensors8 -- found version 8.2.2
[3.886s] -- Searching for dependencies of gz-sensors8
[3.934s] -- Looking for gz-math7 -- found version 7.5.1
[3.935s] -- Looking for gz-common5 -- found version 5.7.1
[3.937s] -- Looking for gz-transport13 -- found version 13.5.0
[3.938s] -- Looking for gz-rendering8 -- found version 8.2.3
[3.939s] -- Looking for gz-msgs10 -- found version 10.3.2
[3.940s] -- Looking for sdformat14 -- found version 14.8.0
[3.943s] -- Searching for <gz-sensors8> component [air_pressure]
[3.950s] -- Looking for gz-sensors8-air_pressure -- found version 8.2.2
[3.952s] -- Searching for dependencies of gz-sensors8-air_pressure
[3.954s] -- Searching for <gz-sensors8> component [air_speed]
[3.961s] -- Looking for gz-sensors8-air_speed -- found version 8.2.2
[3.962s] -- Searching for dependencies of gz-sensors8-air_speed
[3.964s] -- Searching for <gz-sensors8> component [altimeter]
[3.970s] -- Looking for gz-sensors8-altimeter -- found version 8.2.2
[3.971s] -- Searching for dependencies of gz-sensors8-altimeter
[3.973s] -- Searching for <gz-sensors8> component [imu]
[3.979s] -- Looking for gz-sensors8-imu -- found version 8.2.2
[3.980s] -- Searching for dependencies of gz-sensors8-imu
[3.982s] -- Searching for <gz-sensors8> component [force_torque]
[3.987s] -- Looking for gz-sensors8-force_torque -- found version 8.2.2
[3.989s] -- Searching for dependencies of gz-sensors8-force_torque
[3.990s] -- Searching for <gz-sensors8> component [logical_camera]
[3.995s] -- Looking for gz-sensors8-logical_camera -- found version 8.2.2
[3.997s] -- Searching for dependencies of gz-sensors8-logical_camera
[3.998s] -- Searching for <gz-sensors8> component [magnetometer]
[4.004s] -- Looking for gz-sensors8-magnetometer -- found version 8.2.2
[4.005s] -- Searching for dependencies of gz-sensors8-magnetometer
[4.007s] -- Searching for <gz-sensors8> component [navsat]
[4.012s] -- Looking for gz-sensors8-navsat -- found version 8.2.2
[4.013s] -- Searching for dependencies of gz-sensors8-navsat
[4.015s] -- Searching for <gz-sensors8> component [dvl]
[4.020s] -- Looking for gz-sensors8-dvl -- found version 8.2.2
[4.022s] -- Searching for dependencies of gz-sensors8-dvl
[4.023s] -- Looking for gz-sensors8 -- found version 8.2.2
[4.024s] -- Searching for dependencies of gz-sensors8
[4.067s] -- Looking for gz-math7 -- found version 7.5.1
[4.068s] -- Looking for gz-common5 -- found version 5.7.1
[4.069s] -- Looking for gz-transport13 -- found version 13.5.0
[4.071s] -- Looking for gz-rendering8 -- found version 8.2.3
[4.072s] -- Looking for gz-msgs10 -- found version 10.3.2
[4.073s] -- Looking for sdformat14 -- found version 14.8.0
[4.073s] -- Searching for <gz-sensors8> component [rendering]
[4.079s] -- Looking for gz-sensors8-rendering -- found version 8.2.2
[4.080s] -- Searching for dependencies of gz-sensors8-rendering
[4.083s] -- Searching for <gz-sensors8> component [rendering]
[4.084s] -- Searching for <gz-sensors8> component [lidar]
[4.089s] -- Looking for gz-sensors8-lidar -- found version 8.2.2
[4.090s] -- Searching for dependencies of gz-sensors8-lidar
[4.091s] -- Looking for gz-sensors8 -- found version 8.2.2
[4.093s] -- Searching for <gz-sensors8> component [gpu_lidar]
[4.098s] -- Looking for gz-sensors8-gpu_lidar -- found version 8.2.2
[4.100s] -- Searching for dependencies of gz-sensors8-gpu_lidar
[4.100s] -- Looking for gz-sensors8 -- found version 8.2.2
[4.102s] -- Searching for <gz-sensors8> component [camera]
[4.107s] -- Looking for gz-sensors8-camera -- found version 8.2.2
[4.108s] -- Searching for dependencies of gz-sensors8-camera
[4.109s] -- Looking for gz-sensors8 -- found version 8.2.2
[4.111s] -- Searching for <gz-sensors8> component [boundingbox_camera]
[4.116s] -- Looking for gz-sensors8-boundingbox_camera -- found version 8.2.2
[4.117s] -- Searching for dependencies of gz-sensors8-boundingbox_camera
[4.118s] -- Searching for <gz-sensors8> component [segmentation_camera]
[4.124s] -- Looking for gz-sensors8-segmentation_camera -- found version 8.2.2
[4.125s] -- Searching for dependencies of gz-sensors8-segmentation_camera
[4.126s] -- Searching for <gz-sensors8> component [depth_camera]
[4.132s] -- Looking for gz-sensors8-depth_camera -- found version 8.2.2
[4.133s] -- Searching for dependencies of gz-sensors8-depth_camera
[4.134s] -- Looking for gz-sensors8 -- found version 8.2.2
[4.136s] -- Searching for <gz-sensors8> component [rgbd_camera]
[4.141s] -- Looking for gz-sensors8-rgbd_camera -- found version 8.2.2
[4.143s] -- Searching for dependencies of gz-sensors8-rgbd_camera
[4.146s] -- Looking for gz-sensors8 -- found version 8.2.2
[4.147s] -- Searching for <gz-sensors8> component [thermal_camera]
[4.155s] -- Looking for gz-sensors8-thermal_camera -- found version 8.2.2
[4.156s] -- Searching for dependencies of gz-sensors8-thermal_camera
[4.157s] -- Looking for gz-sensors8 -- found version 8.2.2
[4.160s] -- Searching for <gz-sensors8> component [wide_angle_camera]
[4.167s] -- Looking for gz-sensors8-wide_angle_camera -- found version 8.2.2
[4.169s] -- Searching for dependencies of gz-sensors8-wide_angle_camera
[4.173s] -- Looking for gz-rendering8 -- found version 8.2.3
[4.174s] -- Looking for gz-math7 -- found version 7.5.1
[4.175s] -- Looking for gz-utils2 -- found version 2.2.1
[4.237s] -- Looking for gz-sim8 - found
[4.238s] 
[4.238s] -- Compiling against Gazebo Harmonic
[4.244s] -- RapidJSON found. Headers: /usr/include
[4.264s] -- Found OpenCV: /usr (found version "4.5.4") 
[4.265s] -- Checking for modules 'gstreamer-1.0;gstreamer-app-1.0'
[4.299s] --   Found gstreamer-1.0, version 1.20.3
[4.317s] --   Found gstreamer-app-1.0, version 1.20.1
[4.551s] -- Configuring done
[4.616s] -- Generating done
[4.632s] -- Build files have been written to: /home/alejandro/cpr/colcon_ws/build/ardupilot_gazebo
[4.657s] Invoked command in '/home/alejandro/cpr/colcon_ws/build/ardupilot_gazebo' returned '0': CMAKE_PREFIX_PATH=/opt/ros/humble /usr/bin/cmake /home/alejandro/cpr/colcon_ws/src/ardupilot_gazebo -DCMAKE_INSTALL_PREFIX=/home/alejandro/cpr/colcon_ws/install/ardupilot_gazebo
[4.660s] Invoking command in '/home/alejandro/cpr/colcon_ws/build/ardupilot_gazebo': CMAKE_PREFIX_PATH=/opt/ros/humble /usr/bin/cmake --build /home/alejandro/cpr/colcon_ws/build/ardupilot_gazebo -- -j8 -l8
[4.764s] [ 10%] [32mBuilding CXX object CMakeFiles/ArduPilotPlugin.dir/src/SocketUDP.cc.o[0m
[4.765s] [ 20%] [32mBuilding CXX object CMakeFiles/ArduPilotPlugin.dir/src/Util.cc.o[0m
[4.768s] [ 30%] [32mBuilding CXX object CMakeFiles/ArduPilotPlugin.dir/src/ArduPilotPlugin.cc.o[0m
[4.773s] [ 40%] [32mBuilding CXX object CMakeFiles/GstCameraPlugin.dir/src/GstCameraPlugin.cc.o[0m
[4.781s] [ 50%] [32mBuilding CXX object CMakeFiles/ParachutePlugin.dir/src/ParachutePlugin.cc.o[0m
[4.791s] [ 60%] [32mBuilding CXX object CMakeFiles/CameraZoomPlugin.dir/src/CameraZoomPlugin.cc.o[0m
[48.717s] [ 70%] [32m[1mLinking CXX shared library libParachutePlugin.so[0m
[49.698s] [ 80%] [32m[1mLinking CXX shared library libCameraZoomPlugin.so[0m
[49.901s] [ 90%] [32m[1mLinking CXX shared library libGstCameraPlugin.so[0m
[50.258s] [ 90%] Built target ParachutePlugin
[51.037s] [ 90%] Built target CameraZoomPlugin
[51.389s] [ 90%] Built target GstCameraPlugin
[53.328s] [100%] [32m[1mLinking CXX shared library libArduPilotPlugin.so[0m
[54.202s] [100%] Built target ArduPilotPlugin
[54.223s] Invoked command in '/home/alejandro/cpr/colcon_ws/build/ardupilot_gazebo' returned '0': CMAKE_PREFIX_PATH=/opt/ros/humble /usr/bin/cmake --build /home/alejandro/cpr/colcon_ws/build/ardupilot_gazebo -- -j8 -l8
[54.226s] Invoking command in '/home/alejandro/cpr/colcon_ws/build/ardupilot_gazebo': CMAKE_PREFIX_PATH=/opt/ros/humble /usr/bin/cmake --install /home/alejandro/cpr/colcon_ws/build/ardupilot_gazebo
[54.239s] -- Install configuration: ""
[54.240s] -- Installing: /home/alejandro/cpr/colcon_ws/install/ardupilot_gazebo/lib/ardupilot_gazebo/libArduPilotPlugin.so
[54.245s] -- Installing: /home/alejandro/cpr/colcon_ws/install/ardupilot_gazebo/lib/ardupilot_gazebo/libParachutePlugin.so
[54.249s] -- Installing: /home/alejandro/cpr/colcon_ws/install/ardupilot_gazebo/lib/ardupilot_gazebo/libCameraZoomPlugin.so
[54.254s] -- Installing: /home/alejandro/cpr/colcon_ws/install/ardupilot_gazebo/lib/ardupilot_gazebo/libGstCameraPlugin.so
[54.256s] -- Installing: /home/alejandro/cpr/colcon_ws/install/ardupilot_gazebo/share/ardupilot_gazebo/config
[54.257s] -- Installing: /home/alejandro/cpr/colcon_ws/install/ardupilot_gazebo/share/ardupilot_gazebo/config/gazebo-iris-gimbal.parm
[54.257s] -- Installing: /home/alejandro/cpr/colcon_ws/install/ardupilot_gazebo/share/ardupilot_gazebo/models
[54.257s] -- Installing: /home/alejandro/cpr/colcon_ws/install/ardupilot_gazebo/share/ardupilot_gazebo/models/iris_with_ardupilot
[54.258s] -- Installing: /home/alejandro/cpr/colcon_ws/install/ardupilot_gazebo/share/ardupilot_gazebo/models/iris_with_ardupilot/model.sdf
[54.258s] -- Installing: /home/alejandro/cpr/colcon_ws/install/ardupilot_gazebo/share/ardupilot_gazebo/models/iris_with_ardupilot/model.config
[54.258s] -- Installing: /home/alejandro/cpr/colcon_ws/install/ardupilot_gazebo/share/ardupilot_gazebo/models/gimbal_small_1d
[54.259s] -- Installing: /home/alejandro/cpr/colcon_ws/install/ardupilot_gazebo/share/ardupilot_gazebo/models/gimbal_small_1d/model.sdf
[54.259s] -- Installing: /home/alejandro/cpr/colcon_ws/install/ardupilot_gazebo/share/ardupilot_gazebo/models/gimbal_small_1d/model.config
[54.259s] -- Installing: /home/alejandro/cpr/colcon_ws/install/ardupilot_gazebo/share/ardupilot_gazebo/models/gimbal_small_1d/meshes
[54.259s] -- Installing: /home/alejandro/cpr/colcon_ws/install/ardupilot_gazebo/share/ardupilot_gazebo/models/gimbal_small_1d/meshes/base_arm.dae
[54.263s] -- Installing: /home/alejandro/cpr/colcon_ws/install/ardupilot_gazebo/share/ardupilot_gazebo/models/gimbal_small_1d/meshes/base_main.dae
[54.271s] -- Installing: /home/alejandro/cpr/colcon_ws/install/ardupilot_gazebo/share/ardupilot_gazebo/models/gimbal_small_1d/meshes/tilt.dae
[54.276s] -- Installing: /home/alejandro/cpr/colcon_ws/install/ardupilot_gazebo/share/ardupilot_gazebo/models/gimbal_small_3d
[54.276s] -- Installing: /home/alejandro/cpr/colcon_ws/install/ardupilot_gazebo/share/ardupilot_gazebo/models/gimbal_small_3d/model.sdf
[54.276s] -- Installing: /home/alejandro/cpr/colcon_ws/install/ardupilot_gazebo/share/ardupilot_gazebo/models/gimbal_small_3d/model.config
[54.277s] -- Installing: /home/alejandro/cpr/colcon_ws/install/ardupilot_gazebo/share/ardupilot_gazebo/models/gimbal_small_3d/meshes
[54.277s] -- Installing: /home/alejandro/cpr/colcon_ws/install/ardupilot_gazebo/share/ardupilot_gazebo/models/gimbal_small_3d/meshes/roll_arm.dae
[54.278s] -- Installing: /home/alejandro/cpr/colcon_ws/install/ardupilot_gazebo/share/ardupilot_gazebo/models/gimbal_small_3d/meshes/yaw_arm.dae
[54.280s] -- Installing: /home/alejandro/cpr/colcon_ws/install/ardupilot_gazebo/share/ardupilot_gazebo/models/gimbal_small_3d/meshes/camera_enclosure.dae
[54.282s] -- Installing: /home/alejandro/cpr/colcon_ws/install/ardupilot_gazebo/share/ardupilot_gazebo/models/gimbal_small_3d/meshes/base_plate.dae
[54.287s] -- Installing: /home/alejandro/cpr/colcon_ws/install/ardupilot_gazebo/share/ardupilot_gazebo/models/zephyr_with_parachute
[54.288s] -- Installing: /home/alejandro/cpr/colcon_ws/install/ardupilot_gazebo/share/ardupilot_gazebo/models/zephyr_with_parachute/model.sdf
[54.288s] -- Installing: /home/alejandro/cpr/colcon_ws/install/ardupilot_gazebo/share/ardupilot_gazebo/models/zephyr_with_parachute/model.config
[54.288s] -- Installing: /home/alejandro/cpr/colcon_ws/install/ardupilot_gazebo/share/ardupilot_gazebo/models/gimbal_small_2d
[54.289s] -- Installing: /home/alejandro/cpr/colcon_ws/install/ardupilot_gazebo/share/ardupilot_gazebo/models/gimbal_small_2d/model.sdf
[54.289s] -- Installing: /home/alejandro/cpr/colcon_ws/install/ardupilot_gazebo/share/ardupilot_gazebo/models/gimbal_small_2d/model.config
[54.289s] -- Installing: /home/alejandro/cpr/colcon_ws/install/ardupilot_gazebo/share/ardupilot_gazebo/models/gimbal_small_2d/meshes
[54.289s] -- Installing: /home/alejandro/cpr/colcon_ws/install/ardupilot_gazebo/share/ardupilot_gazebo/models/gimbal_small_2d/meshes/base_arm.dae
[54.293s] -- Installing: /home/alejandro/cpr/colcon_ws/install/ardupilot_gazebo/share/ardupilot_gazebo/models/gimbal_small_2d/meshes/base_main.dae
[54.301s] -- Installing: /home/alejandro/cpr/colcon_ws/install/ardupilot_gazebo/share/ardupilot_gazebo/models/gimbal_small_2d/meshes/tilt.dae
[54.306s] -- Installing: /home/alejandro/cpr/colcon_ws/install/ardupilot_gazebo/share/ardupilot_gazebo/models/zephyr_with_ardupilot
[54.306s] -- Installing: /home/alejandro/cpr/colcon_ws/install/ardupilot_gazebo/share/ardupilot_gazebo/models/zephyr_with_ardupilot/model.sdf
[54.307s] -- Installing: /home/alejandro/cpr/colcon_ws/install/ardupilot_gazebo/share/ardupilot_gazebo/models/zephyr_with_ardupilot/model.config
[54.307s] -- Installing: /home/alejandro/cpr/colcon_ws/install/ardupilot_gazebo/share/ardupilot_gazebo/models/zephyr
[54.307s] -- Installing: /home/alejandro/cpr/colcon_ws/install/ardupilot_gazebo/share/ardupilot_gazebo/models/zephyr/thumbnails
[54.307s] -- Installing: /home/alejandro/cpr/colcon_ws/install/ardupilot_gazebo/share/ardupilot_gazebo/models/zephyr/thumbnails/4.png
[54.308s] -- Installing: /home/alejandro/cpr/colcon_ws/install/ardupilot_gazebo/share/ardupilot_gazebo/models/zephyr/thumbnails/1.png
[54.308s] -- Installing: /home/alejandro/cpr/colcon_ws/install/ardupilot_gazebo/share/ardupilot_gazebo/models/zephyr/thumbnails/2.png
[54.308s] -- Installing: /home/alejandro/cpr/colcon_ws/install/ardupilot_gazebo/share/ardupilot_gazebo/models/zephyr/thumbnails/5.png
[54.309s] -- Installing: /home/alejandro/cpr/colcon_ws/install/ardupilot_gazebo/share/ardupilot_gazebo/models/zephyr/thumbnails/3.png
[54.309s] -- Installing: /home/alejandro/cpr/colcon_ws/install/ardupilot_gazebo/share/ardupilot_gazebo/models/zephyr/model.sdf
[54.309s] -- Installing: /home/alejandro/cpr/colcon_ws/install/ardupilot_gazebo/share/ardupilot_gazebo/models/zephyr/materials
[54.310s] -- Installing: /home/alejandro/cpr/colcon_ws/install/ardupilot_gazebo/share/ardupilot_gazebo/models/zephyr/materials/textures
[54.310s] -- Installing: /home/alejandro/cpr/colcon_ws/install/ardupilot_gazebo/share/ardupilot_gazebo/models/zephyr/materials/textures/wing.png
[54.310s] -- Installing: /home/alejandro/cpr/colcon_ws/install/ardupilot_gazebo/share/ardupilot_gazebo/models/zephyr/model.config
[54.311s] -- Installing: /home/alejandro/cpr/colcon_ws/install/ardupilot_gazebo/share/ardupilot_gazebo/models/zephyr/meshes
[54.311s] -- Installing: /home/alejandro/cpr/colcon_ws/install/ardupilot_gazebo/share/ardupilot_gazebo/models/zephyr/meshes/parachute_small.dae
[54.311s] -- Installing: /home/alejandro/cpr/colcon_ws/install/ardupilot_gazebo/share/ardupilot_gazebo/models/zephyr/meshes/wing.dae
[54.311s] -- Installing: /home/alejandro/cpr/colcon_ws/install/ardupilot_gazebo/share/ardupilot_gazebo/models/iris_with_gimbal
[54.312s] -- Installing: /home/alejandro/cpr/colcon_ws/install/ardupilot_gazebo/share/ardupilot_gazebo/models/iris_with_gimbal/model.sdf
[54.312s] -- Installing: /home/alejandro/cpr/colcon_ws/install/ardupilot_gazebo/share/ardupilot_gazebo/models/iris_with_gimbal/model.config
[54.312s] -- Installing: /home/alejandro/cpr/colcon_ws/install/ardupilot_gazebo/share/ardupilot_gazebo/models/runway
[54.312s] -- Installing: /home/alejandro/cpr/colcon_ws/install/ardupilot_gazebo/share/ardupilot_gazebo/models/runway/model.sdf
[54.313s] -- Installing: /home/alejandro/cpr/colcon_ws/install/ardupilot_gazebo/share/ardupilot_gazebo/models/runway/materials
[54.313s] -- Installing: /home/alejandro/cpr/colcon_ws/install/ardupilot_gazebo/share/ardupilot_gazebo/models/runway/materials/textures
[54.313s] -- Installing: /home/alejandro/cpr/colcon_ws/install/ardupilot_gazebo/share/ardupilot_gazebo/models/runway/materials/textures/Grass004_2K_Color.jpg
[54.313s] -- Installing: /home/alejandro/cpr/colcon_ws/install/ardupilot_gazebo/share/ardupilot_gazebo/models/runway/materials/textures/Grass004_2K_Color copy.jpg
[54.323s] -- Installing: /home/alejandro/cpr/colcon_ws/install/ardupilot_gazebo/share/ardupilot_gazebo/models/runway/materials/textures/Grass004_2K_AmbientOcclusion.jpg
[54.328s] -- Installing: /home/alejandro/cpr/colcon_ws/install/ardupilot_gazebo/share/ardupilot_gazebo/models/runway/materials/textures/Grass004_2K_Roughness.jpg
[54.332s] -- Installing: /home/alejandro/cpr/colcon_ws/install/ardupilot_gazebo/share/ardupilot_gazebo/models/runway/materials/textures/Grass004_2K_Displacement.jpg
[54.337s] -- Installing: /home/alejandro/cpr/colcon_ws/install/ardupilot_gazebo/share/ardupilot_gazebo/models/runway/materials/textures/runway.png
[54.338s] -- Installing: /home/alejandro/cpr/colcon_ws/install/ardupilot_gazebo/share/ardupilot_gazebo/models/runway/materials/textures/Grass004_2K_NormalGL.jpg
[54.351s] -- Installing: /home/alejandro/cpr/colcon_ws/install/ardupilot_gazebo/share/ardupilot_gazebo/models/runway/model.config
[54.352s] -- Installing: /home/alejandro/cpr/colcon_ws/install/ardupilot_gazebo/share/ardupilot_gazebo/models/runway/meshes
[54.352s] -- Installing: /home/alejandro/cpr/colcon_ws/install/ardupilot_gazebo/share/ardupilot_gazebo/models/runway/meshes/airfield.dae
[54.352s] -- Installing: /home/alejandro/cpr/colcon_ws/install/ardupilot_gazebo/share/ardupilot_gazebo/models/parachute_small
[54.353s] -- Installing: /home/alejandro/cpr/colcon_ws/install/ardupilot_gazebo/share/ardupilot_gazebo/models/parachute_small/model.sdf
[54.353s] -- Installing: /home/alejandro/cpr/colcon_ws/install/ardupilot_gazebo/share/ardupilot_gazebo/models/parachute_small/model.config
[54.353s] -- Installing: /home/alejandro/cpr/colcon_ws/install/ardupilot_gazebo/share/ardupilot_gazebo/models/parachute_small/meshes
[54.353s] -- Installing: /home/alejandro/cpr/colcon_ws/install/ardupilot_gazebo/share/ardupilot_gazebo/models/parachute_small/meshes/parachute_small.dae
[54.354s] -- Installing: /home/alejandro/cpr/colcon_ws/install/ardupilot_gazebo/share/ardupilot_gazebo/models/iris_with_standoffs
[54.354s] -- Installing: /home/alejandro/cpr/colcon_ws/install/ardupilot_gazebo/share/ardupilot_gazebo/models/iris_with_standoffs/model.sdf
[54.355s] -- Installing: /home/alejandro/cpr/colcon_ws/install/ardupilot_gazebo/share/ardupilot_gazebo/models/iris_with_standoffs/model.config
[54.355s] -- Installing: /home/alejandro/cpr/colcon_ws/install/ardupilot_gazebo/share/ardupilot_gazebo/models/iris_with_standoffs/meshes
[54.355s] -- Installing: /home/alejandro/cpr/colcon_ws/install/ardupilot_gazebo/share/ardupilot_gazebo/models/iris_with_standoffs/meshes/iris_prop_cw.dae
[54.356s] -- Installing: /home/alejandro/cpr/colcon_ws/install/ardupilot_gazebo/share/ardupilot_gazebo/models/iris_with_standoffs/meshes/iris.dae
[54.384s] -- Installing: /home/alejandro/cpr/colcon_ws/install/ardupilot_gazebo/share/ardupilot_gazebo/models/iris_with_standoffs/meshes/iris_prop_ccw.dae
[54.385s] -- Installing: /home/alejandro/cpr/colcon_ws/install/ardupilot_gazebo/share/ardupilot_gazebo/worlds
[54.386s] -- Installing: /home/alejandro/cpr/colcon_ws/install/ardupilot_gazebo/share/ardupilot_gazebo/worlds/zephyr_runway.sdf
[54.386s] -- Installing: /home/alejandro/cpr/colcon_ws/install/ardupilot_gazebo/share/ardupilot_gazebo/worlds/zephyr_parachute.sdf
[54.386s] -- Installing: /home/alejandro/cpr/colcon_ws/install/ardupilot_gazebo/share/ardupilot_gazebo/worlds/iris_runway.sdf
[54.387s] -- Installing: /home/alejandro/cpr/colcon_ws/install/ardupilot_gazebo/share/ardupilot_gazebo/worlds/gimbal.sdf
[54.387s] -- Installing: /home/alejandro/cpr/colcon_ws/install/ardupilot_gazebo/share/ardupilot_gazebo/worlds/iris_warehouse.sdf
[54.387s] -- Installing: /home/alejandro/cpr/colcon_ws/install/ardupilot_gazebo/share/ardupilot_gazebo/environment/ardupilot_gazebo.dsv
[54.388s] -- Installing: /home/alejandro/cpr/colcon_ws/install/ardupilot_gazebo/share/ardupilot_gazebo/environment/ardupilot_gazebo.sh
[54.388s] -- Installing: /home/alejandro/cpr/colcon_ws/install/ardupilot_gazebo/share/ament_index/resource_index/package_run_dependencies/ardupilot_gazebo
[54.388s] -- Installing: /home/alejandro/cpr/colcon_ws/install/ardupilot_gazebo/share/ament_index/resource_index/parent_prefix_path/ardupilot_gazebo
[54.389s] -- Installing: /home/alejandro/cpr/colcon_ws/install/ardupilot_gazebo/share/ardupilot_gazebo/environment/ament_prefix_path.sh
[54.389s] -- Installing: /home/alejandro/cpr/colcon_ws/install/ardupilot_gazebo/share/ardupilot_gazebo/environment/ament_prefix_path.dsv
[54.389s] -- Installing: /home/alejandro/cpr/colcon_ws/install/ardupilot_gazebo/share/ardupilot_gazebo/environment/path.sh
[54.390s] -- Installing: /home/alejandro/cpr/colcon_ws/install/ardupilot_gazebo/share/ardupilot_gazebo/environment/path.dsv
[54.390s] -- Installing: /home/alejandro/cpr/colcon_ws/install/ardupilot_gazebo/share/ardupilot_gazebo/local_setup.bash
[54.390s] -- Installing: /home/alejandro/cpr/colcon_ws/install/ardupilot_gazebo/share/ardupilot_gazebo/local_setup.sh
[54.391s] -- Installing: /home/alejandro/cpr/colcon_ws/install/ardupilot_gazebo/share/ardupilot_gazebo/local_setup.zsh
[54.391s] -- Installing: /home/alejandro/cpr/colcon_ws/install/ardupilot_gazebo/share/ardupilot_gazebo/local_setup.dsv
[54.391s] -- Installing: /home/alejandro/cpr/colcon_ws/install/ardupilot_gazebo/share/ardupilot_gazebo/package.dsv
[54.392s] -- Installing: /home/alejandro/cpr/colcon_ws/install/ardupilot_gazebo/share/ament_index/resource_index/packages/ardupilot_gazebo
[54.392s] -- Installing: /home/alejandro/cpr/colcon_ws/install/ardupilot_gazebo/share/ardupilot_gazebo/cmake/ardupilot_gazeboConfig.cmake
[54.393s] -- Installing: /home/alejandro/cpr/colcon_ws/install/ardupilot_gazebo/share/ardupilot_gazebo/cmake/ardupilot_gazeboConfig-version.cmake
[54.393s] -- Installing: /home/alejandro/cpr/colcon_ws/install/ardupilot_gazebo/share/ardupilot_gazebo/package.xml
[54.397s] Invoked command in '/home/alejandro/cpr/colcon_ws/build/ardupilot_gazebo' returned '0': CMAKE_PREFIX_PATH=/opt/ros/humble /usr/bin/cmake --install /home/alejandro/cpr/colcon_ws/build/ardupilot_gazebo
